ostest
arg1
arg2
Hello from Mercury!
Now I will sleep
ostest
arg1
arg2
Hello from Mercury!
Now I will sleep
I'm back!
Bye!
I'm back!
Bye!
Simulation is complete, simulated time: 5 s
